
> satelit2@0.1.0 build
> next build

▲ Next.js 16.3.5 (Turbopack)
✓ Running next.config.ts took 26ms

  Creating an optimized production build ...
✓ Compiled successfully in 245ms
  Running TypeScript ...
  Finished TypeScript in 1109ms ...
  Collecting page data using 11 workers ...
  Generating static pages using 11 workers (0/10) ...
  Generating static pages using 11 workers (2/10) 
  Generating static pages using 11 workers (4/10) 
  Generating static pages using 11 workers (7/10) 
✓ Generating static pages using 11 workers (10/10) in 683ms
  Finalizing page optimization ...

Route (app)
┌ ○ /
├ ○ /_not-found
├ ○ /apple-icon.png
├ ○ /icon.png
├ ○ /robots.txt
├ ○ /rtp
├ ○ /sitemap.xml
└ ○ /t-shirts


○  (Static)  prerendered as static content

